e:\acu72\uninst.dll
e:\acu72\DeIsL1.isu
e:\acu72\acubench\Template
e:\acu72\acubench\olepro32.dll
e:\acu72\AcuGT\etc\AcuAccess
e:\acu72\AcuGT\etc\AcuAccess.vix
e:\acu72\AcuGT\PlgnData
e:\acu72\AcuGT\BIN\lmtools.exe
e:\acu72\AcuGT\BIN\lmutil.exe
e:\acu72\AcuGT\bin
e:\acu72\achr2gui.dll
e:\acu72\acu4glfd.exe
e:\acu72\axdefgen.exe
e:\acu72\axgen.dll
e:\acu72\ccbl32.exe
e:\acu72\ccbldll.dll
e:\acu72\ccblintf.dll
e:\acu72\wexprt32.dll
e:\acu72\xfdcrypt.exe
e:\acu72\xml2fd.exe
e:\acu72\AcuGT\sample\ACUNET_WEB_SERVICE
e:\acu72\WebService2\AssemblyInfo.cs
e:\acu72\WebService2\Global.asax
e:\acu72\WebService2\Global.asax.cs
e:\acu72\WebService2\Global.asax.resx
e:\acu72\WebService2\ReadMeSetup.txt
e:\acu72\WebService2\Service2.cs
e:\acu72\WebService2\Web.config
e:\acu72\WebService2\WebService2.asmx
e:\acu72\WebService2\WebService2.asmx.cs
e:\acu72\WebService2\WebService2.asmx.resx
e:\acu72\WebService2\WebService2.csproj
e:\acu72\WebService2\WebService2.csproj.webinfo
e:\acu72\WebService2\WebService2.sln
e:\acu72\WebService2\bin\WebService2.dll
e:\acu72\WebService2\WebClient2\AssemblyInfo.cs
e:\acu72\WebService2\WebClient2\Service2.cs
e:\acu72\WebService2\WebClient2\webclient2.config
e:\acu72\WebService2\WebClient2\Webclient2.cs
e:\acu72\WebService2\WebClient2\Webclient2.csproj
e:\acu72\WebService2\WebClient2\bin\WebClient2.dll
e:\acu72\WebService2\WebClient2\COBOL\WebService2.cbl
e:\acu72\WebService2\WebClient2\Events\WebClient2.def
e:\acu72\WebService2\WebClient2\Events\WebClient2.WebClient2.dll
e:\acu72\WEB_SERVICE\AssemblyInfo.cs
e:\acu72\WEB_SERVICE\ReadMeSetup.txt
e:\acu72\WEB_SERVICE\web.config
e:\acu72\WEB_SERVICE\WEB_SERVICE.cs
e:\acu72\WEB_SERVICE\WEB_SERVICE.csproj
e:\acu72\WEB_SERVICE\WEB_SERVICE.sln
e:\acu72\WEB_SERVICE\bin\WEB_SERVICE.dll
e:\acu72\WEB_SERVICE\WEB_CLIENT\AssemblyInfo.cs
e:\acu72\WEB_SERVICE\WEB_CLIENT\webclient.config
e:\acu72\WEB_SERVICE\WEB_CLIENT\WEB_CLIENT.cs
e:\acu72\WEB_SERVICE\WEB_CLIENT\WEB_CLIENT.csproj
e:\acu72\WEB_SERVICE\WEB_CLIENT\bin\WEB_CLIENT.dll
e:\acu72\WEB_SERVICE\WEB_CLIENT\COBOL\WebService.cbl
e:\acu72\WEB_SERVICE\WEB_CLIENT\Events\WEBCLIENT.DEF
e:\acu72\WEB_SERVICE\WEB_CLIENT\Events\WebClient.dll
e:\acu72\AcuGT\sample\NetQATest1_CS
e:\acu72\AssemblyInfo.cs
e:\acu72\Class1.cs
e:\acu72\NetQATest1_CS.csproj
e:\acu72\NetQATest1_CS.sln
e:\acu72\NetQATest1_CS.snk
e:\acu72\ReadMeSetup.txt
e:\acu72\UserControl1.cs
e:\acu72\UserControl1.resx
e:\acu72\bin\NetQATest1_CS.dll
e:\acu72\Cobol\NetQATest.cbl
e:\acu72\Events\NetQATest1.def
e:\acu72\Events\NetQATest1_CS.CAnimals.dll
e:\acu72\Events\NetQATest1_CS.CCars.dll
e:\acu72\Events\NetQATest1_CS.UserControl1.dll
e:\acu72\AcuGT\sample\NetToAcuCobol
e:\acu72\App.ico
e:\acu72\AssemblyInfo.cs
e:\acu72\NetToCobol1.cs
e:\acu72\NetToCobol1.csproj
e:\acu72\NetToCobol1.resx
e:\acu72\NetToCobol1.sln
e:\acu72\ReadMeSetup.txt
e:\acu72\bin\Interop.AcuGTObjects.dll
e:\acu72\bin\NetToCobol1.exe
e:\acu72\AcuGT\sample\alfred
e:\acu72\alfmsgs.cpy
e:\acu72\alfred.bmp
e:\acu72\alfred.cbl
e:\acu72\alfred.cfg
e:\acu72\alfred.gmu
e:\acu72\alfred.pjt
e:\acu72\alfred.ws
e:\acu72\alftools.bmp
e:\acu72\build.cmd
e:\acu72\build.sh
e:\acu72\Makefile
e:\acu72\ParseXFD.cbl
e:\acu72\ParseXFD.ws
e:\acu72\readme.txt
e:\acu72\AcuGT\sample\autosrv
e:\acu72\readme.txt
e:\acu72\cobol\astest.acu
e:\acu72\cobol\astest.cbl
e:\acu72\project1\acuvb.cfg
e:\acu72\project1\frmmain.frm
e:\acu72\project1\project1.exe
e:\acu72\project1\project1.vbp
e:\acu72\project1\project1.vbw
e:\acu72\project2\acuvb.cfg
e:\acu72\project2\frmmtm.frm
e:\acu72\project2\frmpro.frm
e:\acu72\project2\frmthr.frm
e:\acu72\project2\mainapp.cls
e:\acu72\project2\module1.bas
e:\acu72\project2\project2.exe
e:\acu72\project2\project2.vbp
e:\acu72\project2\project2.vbw
e:\acu72\project2\thread.cls
e:\acu72\project3\acuvb.cfg
e:\acu72\project3\calldirect.bas
e:\acu72\project3\frmmain.frm
e:\acu72\project3\project3.exe
e:\acu72\project3\project3.vbp
e:\acu72\project3\project3.vbw
e:\acu72\AcuGT\sample\boomerang
e:\acu72\pcompile.cbl
e:\acu72\readme.txt
e:\acu72\client\boomerang.cmd
e:\acu72\client\boomerangDebug.cmd
e:\acu72\client\buildclient.cmd
e:\acu72\client\buildprg.cmd
e:\acu72\client\runprg.cmd
e:\acu72\client\sample.pco
e:\acu72\client\userpassw
e:\acu72\server\acutools.cfg
e:\acu72\server\buildserver.sh
e:\acu72\server\init.sh
e:\acu72\server\killAcutools.sh
e:\acu72\server\pcompile.sh
e:\acu72\server\permOk.sh
e:\acu72\server\startAcutools.sh
e:\acu72\AcuGT\sample\cgi
e:\acu72\body.htm
e:\acu72\footer.htm
e:\acu72\header.htm
e:\acu72\oscars.acu
e:\acu72\oscars.cbl
e:\acu72\oscars.htm
e:\acu72\readme.txt
e:\acu72\AcuGT\sample\connect
e:\acu72\client\asynch.cbl
e:\acu72\client\client.cfg
e:\acu72\client\prog1.cbl
e:\acu72\server\custfile
e:\acu72\server\prog2.cbl
e:\acu72\server\prog2.cfg
e:\acu72\AcuGT\sample\def
e:\acu72\activex.def
e:\acu72\acuclass.def
e:\acu72\acucobol.def
e:\acu72\acugui.def
e:\acu72\acureport.def
e:\acu72\controls.def
e:\acu72\crtvars.def
e:\acu72\filesys.def
e:\acu72\fonts.def
e:\acu72\handler.cpy
e:\acu72\java.def
e:\acu72\keyprog.def
e:\acu72\lmresize.def
e:\acu72\opensave.def
e:\acu72\palette.def
e:\acu72\parsexfd.def
e:\acu72\showmsg.cpy
e:\acu72\showmsg.def
e:\acu72\socket.def
e:\acu72\stdfonts.def
e:\acu72\winhelp.def
e:\acu72\winprint.def
e:\acu72\winvers.def
e:\acu72\AcuGT\sample\dotnet\AmortControl
e:\acu72\AmortCalc.cs
e:\acu72\AmortControl.csproj
e:\acu72\AmortControl.sln
e:\acu72\AssemblyInfo.cs
e:\acu72\ReadMeSetup.txt
e:\acu72\UserControl1.cs
e:\acu72\UserControl1.resx
e:\acu72\bin\AmortControl.dll
e:\acu72\Cobol\AmortControl.cbl
e:\acu72\Cobol\AmortControl.def
e:\acu72\Events\AmortControl.UserControl1.dll
e:\acu72\AcuGT\sample\help
e:\acu72\helpcur.bmp
e:\acu72\helpdemo.acu
e:\acu72\helpdemo.cbl
e:\acu72\helpdemo.hlp
e:\acu72\helpdemo.hpj
e:\acu72\helpdemo.rtf
e:\acu72\helpids.def
e:\acu72\helpids.h
e:\acu72\helpmenu.cpy
e:\acu72\helpmenu.mnu
e:\acu72\winhelp.acu
e:\acu72\winhelp.cbl
e:\acu72\AcuGT\sample\java
e:\acu72\CobolCallingJava.cbl
e:\acu72\CobolCallingJava.java
e:\acu72\JavaCallingCobol.cbl
e:\acu72\JavaCallingCobol.java
e:\acu72\JavaInteropInstructions.txt
e:\acu72\logging.properties
e:\acu72\AcuGT\sample\netdb
e:\acu72\assemblyinfo.cs
e:\acu72\netdb.cs
e:\acu72\netdb.csproj
e:\acu72\netdb.mdb
e:\acu72\netdb.sln
e:\acu72\readmesetup.txt
e:\acu72\bin\netdb.dll
e:\acu72\cobol\gridctl.cpy
e:\acu72\cobol\netdb.cbl
e:\acu72\cobol\netdb.def
e:\acu72\AcuGT\sample\plugin
e:\acu72\readme.txt
e:\acu72\webdir.cbl
e:\acu72\webdir.htm
e:\acu72\webinfo.cbl
e:\acu72\webinfo.htm
e:\acu72\graphprn.acu
e:\acu72\graphprn.cbl
e:\acu72\prndemox.acu
e:\acu72\prndemox.cbl
e:\acu72\sockcli.c
e:\acu72\sockcli.cbl
e:\acu72\socksrv1.cbl
e:\acu72\socksrvm.cbl
e:\acu72\AcuGT\sample\wrunnetutil
e:\acu72\AddParams.cs
e:\acu72\AddParams.resx
e:\acu72\App.ico
e:\acu72\AssemblyInfo.cs
e:\acu72\childTemplate.cs
e:\acu72\childTemplate.resx
e:\acu72\Parent.cs
e:\acu72\Parent.resx
e:\acu72\wrunnetutil.csproj
e:\acu72\wrunnetutil.htm
e:\acu72\wrunnetutil.sln
e:\acu72\AcuGT\sample\xml
e:\acu72\bookfile.xml
e:\acu72\bookfile.xsd
e:\acu72\books.cbl
e:\acu72\cblconfig
e:\acu72\customer.cbl
e:\acu72\customer.xml
e:\acu72\orderfile.xml
e:\acu72\orders.cbl
e:\acu72\readxml.cbl
e:\acu72\AcuGT\tools
e:\acu72\acuprof.acu
e:\acu72\AcuGT\sample\activex
e:\acu72\Readme.txt
e:\acu72\SpellChecker.pjt
e:\acu72\SpellChecker.psf
e:\acu72\SpellChecker.wif
e:\acu72\Copylib\SpellChecker.def
e:\acu72\Copylib\SpellChecker.Evt
e:\acu72\Copylib\SpellChecker.Lks
e:\acu72\Copylib\SpellChecker.Mnu
e:\acu72\Copylib\SpellChecker.Prd
e:\acu72\Copylib\SpellChecker.Wrk
e:\acu72\FD\empty.txt
e:\acu72\List\SpellChecker.lst
e:\acu72\Object\AcuBenchPrint.Dll
e:\acu72\Object\SpellChecker.acu
e:\acu72\Polar\DATA.TAG
e:\acu72\Polar\data1.cab
e:\acu72\Polar\lang.dat
e:\acu72\Polar\layout.bin
e:\acu72\Polar\os.dat
e:\acu72\Polar\README.TXT
e:\acu72\Polar\SETUP.EXE
e:\acu72\Polar\SETUP.INI
e:\acu72\Polar\setup.ins
e:\acu72\Polar\setup.lid
e:\acu72\Polar\_INST32I.EX_
e:\acu72\Polar\_ISDEL.EXE
e:\acu72\Polar\_SETUP.DLL
e:\acu72\Polar\_sys1.cab
e:\acu72\Polar\_user1.cab
e:\acu72\Report\SpellChecker.rpt
e:\acu72\Resource\SpellChecker.res
e:\acu72\Screen\SpellChecker.Scr
e:\acu72\Source\SpellChecker.cbl
e:\acu72\AcuGT\sample\samplprj
e:\acu72\Check-box.psf
e:\acu72\Combo-Box.psf
e:\acu72\customer.psf
e:\acu72\custsql.mdb
e:\acu72\custsql.psf
e:\acu72\Frames.psf
e:\acu72\Label.psf
e:\acu72\List-Box.psf
e:\acu72\Push-Btn.psf
e:\acu72\Radio-Btn.psf
e:\acu72\read_me.txt
e:\acu72\samples.pjt
e:\acu72\Samples.wif
e:\acu72\Tour.psf
e:\acu72\webbrows.psf
e:\acu72\copylib\calc3.cpy
e:\acu72\copylib\calc3.mnu
e:\acu72\copylib\Check-box.Evt
e:\acu72\copylib\Check-box.Lks
e:\acu72\copylib\Check-box.Mnu
e:\acu72\copylib\Check-box.Prd
e:\acu72\copylib\Check-box.Wrk
e:\acu72\copylib\Combo-Box.Evt
e:\acu72\copylib\Combo-Box.Lks
e:\acu72\copylib\Combo-Box.Mnu
e:\acu72\copylib\Combo-Box.Prd
e:\acu72\copylib\Combo-Box.Wrk
e:\acu72\copylib\customer.Evt
e:\acu72\copylib\customer.Lks
e:\acu72\copylib\customer.Mnu
e:\acu72\copylib\customer.Prd
e:\acu72\copylib\customer.Wrk
e:\acu72\copylib\custsql.Evt
e:\acu72\copylib\custsql.Lks
e:\acu72\copylib\custsql.Mnu
e:\acu72\copylib\custsql.Prd
e:\acu72\copylib\custsql.Wrk
e:\acu72\copylib\Frames.Evt
e:\acu72\copylib\Frames.Lks
e:\acu72\copylib\Frames.Mnu
e:\acu72\copylib\Frames.Prd
e:\acu72\copylib\Frames.Wrk
e:\acu72\copylib\gridctl.cpy
e:\acu72\copylib\Label.Evt
e:\acu72\copylib\Label.Lks
e:\acu72\copylib\Label.Mnu
e:\acu72\copylib\Label.Prd
e:\acu72\copylib\Label.Wrk
e:\acu72\copylib\List-Box.Evt
e:\acu72\copylib\List-Box.Lks
e:\acu72\copylib\List-Box.Mnu
e:\acu72\copylib\List-Box.Prd
e:\acu72\copylib\List-Box.Wrk
e:\acu72\copylib\Push-Btn.Evt
e:\acu72\copylib\Push-Btn.Lks
e:\acu72\copylib\Push-Btn.Mnu
e:\acu72\copylib\Push-Btn.Prd
e:\acu72\copylib\Push-Btn.Wrk
e:\acu72\copylib\Radio-Btn.Evt
e:\acu72\copylib\Radio-Btn.Lks
e:\acu72\copylib\Radio-Btn.Mnu
e:\acu72\copylib\Radio-Btn.Prd
e:\acu72\copylib\Radio-Btn.Wrk
e:\acu72\copylib\Tour.Evt
e:\acu72\copylib\Tour.Lks
e:\acu72\copylib\Tour.Mnu
e:\acu72\copylib\Tour.Prd
e:\acu72\copylib\Tour.Wrk
e:\acu72\copylib\webbrows.evt
e:\acu72\copylib\webbrows.Lks
e:\acu72\copylib\webbrows.Mnu
e:\acu72\copylib\webbrows.Prd
e:\acu72\copylib\webbrows.Wrk
e:\acu72\data\acuping.log
e:\acu72\data\acuping.vix
e:\acu72\data\custfile.dat
e:\acu72\data\custfile.vix
e:\acu72\data\empnos
e:\acu72\data\empnos.vix
e:\acu72\data\ftestdat
e:\acu72\data\ftestdat.vix
e:\acu72\data\IDX1.DAT
e:\acu72\data\IDX1.vix
e:\acu72\data\IDX2.DAT
e:\acu72\data\IDX2.vix
e:\acu72\data\list.dat
e:\acu72\data\list.vix
e:\acu72\data\SEQ1.DAT
e:\acu72\data\SEQ2.DAT
e:\acu72\data\titles
e:\acu72\data\titles.vix
e:\acu72\fd\custfile.fd
e:\acu72\fd\custfile.sl
e:\acu72\fd\CUSTOMER-FILE.dlt
e:\acu72\fd\CUSTOMER-FILE.fd
e:\acu72\fd\CUSTOMER-FILE.sl
e:\acu72\list\custsql.asq
e:\acu72\object\AcuBenchPrint.Dll
e:\acu72\object\acuping.acu
e:\acu72\object\bars.acu
e:\acu72\object\bldcust.acu
e:\acu72\object\calc3.acu
e:\acu72\object\calculat.acu
e:\acu72\object\cancel.acu
e:\acu72\object\check-box.acu
e:\acu72\object\clrtest3.acu
e:\acu72\object\colortest.acu
e:\acu72\object\combo-box.acu
e:\acu72\object\compcalc.acu
e:\acu72\object\customer.acu
e:\acu72\object\custrpt.acu
e:\acu72\object\custsql.acu
e:\acu72\object\dateint.acu
e:\acu72\object\dayweek.acu
e:\acu72\object\dgetday.acu
e:\acu72\object\fontsize.acu
e:\acu72\object\Frames.acu
e:\acu72\object\genmenu.acu
e:\acu72\object\gridctl.acu
e:\acu72\object\intdate.acu
e:\acu72\object\iobench.acu
e:\acu72\object\label.acu
e:\acu72\object\list-box.acu
e:\acu72\object\makesamp.acu
e:\acu72\object\menubar.acu
e:\acu72\object\menubar2.acu
e:\acu72\object\message.acu
e:\acu72\object\newftest.acu
e:\acu72\object\notepad.acu
e:\acu72\object\opensave.acu
e:\acu72\object\pagebox.acu
e:\acu72\object\prntscrn.acu
e:\acu72\object\push-btn.acu
e:\acu72\object\radio-btn.acu
e:\acu72\object\rand.acu
e:\acu72\object\sample.acu
e:\acu72\object\showfont.acu
e:\acu72\object\status.acu
e:\acu72\object\tab.acu
e:\acu72\object\testm.acu
e:\acu72\object\toolbar.acu
e:\acu72\object\tour.acu
e:\acu72\object\tourpd.acu
e:\acu72\object\treesamp.acu
e:\acu72\object\webbrows.acu
e:\acu72\object\winhelp.acu
e:\acu72\object\winspool.acu
e:\acu72\report\Check-box.rpt
e:\acu72\report\Combo-Box.rpt
e:\acu72\report\customer.rpt
e:\acu72\report\custsql.rpt
e:\acu72\report\Frames.rpt
e:\acu72\report\Label.rpt
e:\acu72\report\List-Box.rpt
e:\acu72\report\Push-Btn.rpt
e:\acu72\report\Radio-Btn.rpt
e:\acu72\report\Tour.rpt
e:\acu72\report\webbrows.rpt
e:\acu72\resource\arrows.bmp
e:\acu72\resource\bmpbtn.bmp
e:\acu72\resource\gtanima.bmp
e:\acu72\resource\helpcur.bmp
e:\acu72\resource\littlegt.bmp
e:\acu72\resource\smpl-arrows.bmp
e:\acu72\resource\Thumbs.db
e:\acu72\resource\tools1.bmp
e:\acu72\resource\winsampl.cfg
e:\acu72\screen\Check-box.scr
e:\acu72\screen\Combo-Box.scr
e:\acu72\screen\customer.Scr
e:\acu72\screen\custsql.Scr
e:\acu72\screen\Frames.scr
e:\acu72\screen\Label.scr
e:\acu72\screen\List-Box.scr
e:\acu72\screen\Push-Btn.scr
e:\acu72\screen\Radio-Btn.scr
e:\acu72\screen\Tour.scr
e:\acu72\screen\webbrows.Scr
e:\acu72\source\acuping.cbl
e:\acu72\source\bars.cbl
e:\acu72\source\bldcust.cbl
e:\acu72\source\calc3.cbl
e:\acu72\source\calculat.cbl
e:\acu72\source\cancel.cbl
e:\acu72\source\Check-box.cbl
e:\acu72\source\clrtest3.cbl
e:\acu72\source\colortest.cbl
e:\acu72\source\Combo-Box.cbl
e:\acu72\source\compcalc.cbl
e:\acu72\source\customer.cbl
e:\acu72\source\custrpt.cbl
e:\acu72\source\custsql.cbl
e:\acu72\source\dateint.cbl
e:\acu72\source\dayweek.cbl
e:\acu72\source\dgetday.cbl
e:\acu72\source\doit.bat
e:\acu72\source\fontsize.cbl
e:\acu72\source\Frames.cbl
e:\acu72\source\genmenu.cbl
e:\acu72\source\gridctl.cbl
e:\acu72\source\intdate.cbl
e:\acu72\source\iobench.cbl
e:\acu72\source\Label.cbl
e:\acu72\source\List-Box.cbl
e:\acu72\source\makesamp.cbl
e:\acu72\source\menubar.cbl
e:\acu72\source\menubar2.cbl
e:\acu72\source\message.cbl
e:\acu72\source\newftest.cbl
e:\acu72\source\notepad.cbl
e:\acu72\source\opensave.cbl
e:\acu72\source\pagebox.cbl
e:\acu72\source\prntscrn.cbl
e:\acu72\source\Push-Btn.cbl
e:\acu72\source\Radio-Btn.cbl
e:\acu72\source\rand.cbl
e:\acu72\source\sample.cbl
e:\acu72\source\showfont.cbl
e:\acu72\source\status.cbl
e:\acu72\source\tab.cbl
e:\acu72\source\testm.cbl
e:\acu72\source\toolbar.cbl
e:\acu72\source\Tour.cbl
e:\acu72\source\tourpd.cbl
e:\acu72\source\treesamp.cbl
e:\acu72\source\webbrows.cbl
e:\acu72\source\winhelp.cbl
e:\acu72\source\winspool.cbl
e:\acu72\AcuGT\sample\reports
e:\acu72\Report1a.psf
e:\acu72\Report1b.psf
e:\acu72\Report1c.psf
e:\acu72\Report1d.psf
e:\acu72\Report1e.psf
e:\acu72\Report1f.psf
e:\acu72\Report1f.wtf
e:\acu72\Report1g.psf
e:\acu72\Report1h.psf
e:\acu72\Report1i.psf
e:\acu72\Report2a.psf
e:\acu72\Report2b.psf
e:\acu72\Report2c.psf
e:\acu72\Report2d.psf
e:\acu72\Report2e.psf
e:\acu72\Reports.pjt
e:\acu72\Reports.wif
e:\acu72\Copylib\Report1a.evt
e:\acu72\Copylib\Report1a.lks
e:\acu72\Copylib\Report1a.mnu
e:\acu72\Copylib\Report1a.prd
e:\acu72\Copylib\Report1a.wrk
e:\acu72\Copylib\Report1b.evt
e:\acu72\Copylib\Report1b.lks
e:\acu72\Copylib\Report1b.mnu
e:\acu72\Copylib\Report1b.prd
e:\acu72\Copylib\Report1b.wrk
e:\acu72\Copylib\Report1c.evt
e:\acu72\Copylib\Report1c.lks
e:\acu72\Copylib\Report1c.mnu
e:\acu72\Copylib\Report1c.prd
e:\acu72\Copylib\Report1c.wrk
e:\acu72\Copylib\Report1d.evt
e:\acu72\Copylib\Report1d.lks
e:\acu72\Copylib\Report1d.mnu
e:\acu72\Copylib\Report1d.prd
e:\acu72\Copylib\Report1d.wrk
e:\acu72\Copylib\Report1e.evt
e:\acu72\Copylib\Report1e.lks
e:\acu72\Copylib\Report1e.mnu
e:\acu72\Copylib\Report1e.prd
e:\acu72\Copylib\Report1e.wrk
e:\acu72\Copylib\Report1f.evt
e:\acu72\Copylib\Report1f.lks
e:\acu72\Copylib\Report1f.mnu
e:\acu72\Copylib\Report1f.prd
e:\acu72\Copylib\Report1f.wrk
e:\acu72\Copylib\Report1g.evt
e:\acu72\Copylib\Report1g.lks
e:\acu72\Copylib\Report1g.mnu
e:\acu72\Copylib\Report1g.prd
e:\acu72\Copylib\Report1g.wrk
e:\acu72\Copylib\Report1h.evt
e:\acu72\Copylib\Report1h.lks
e:\acu72\Copylib\Report1h.mnu
e:\acu72\Copylib\Report1h.prd
e:\acu72\Copylib\Report1h.wrk
e:\acu72\Copylib\Report1i.evt
e:\acu72\Copylib\Report1i.lks
e:\acu72\Copylib\Report1i.mnu
e:\acu72\Copylib\Report1i.prd
e:\acu72\Copylib\Report1i.wrk
e:\acu72\Copylib\Report2a.evt
e:\acu72\Copylib\Report2a.lks
e:\acu72\Copylib\Report2a.mnu
e:\acu72\Copylib\Report2a.prd
e:\acu72\Copylib\Report2a.wrk
e:\acu72\Copylib\Report2b.evt
e:\acu72\Copylib\Report2b.lks
e:\acu72\Copylib\Report2b.mnu
e:\acu72\Copylib\Report2b.prd
e:\acu72\Copylib\Report2b.wrk
e:\acu72\Copylib\Report2c.evt
e:\acu72\Copylib\Report2c.lks
e:\acu72\Copylib\Report2c.mnu
e:\acu72\Copylib\Report2c.prd
e:\acu72\Copylib\Report2c.wrk
e:\acu72\Copylib\Report2d.evt
e:\acu72\Copylib\Report2d.lks
e:\acu72\Copylib\Report2d.mnu
e:\acu72\Copylib\Report2d.prd
e:\acu72\Copylib\Report2d.wrk
e:\acu72\Copylib\Report2e.evt
e:\acu72\Copylib\Report2e.lks
e:\acu72\Copylib\Report2e.mnu
e:\acu72\Copylib\Report2e.prd
e:\acu72\Copylib\Report2e.wrk
e:\acu72\Data\acucorp.bmp
e:\acu72\Data\alabama.jpg
e:\acu72\Data\alaska.jpg
e:\acu72\Data\arizona.jpg
e:\acu72\Data\arkansas.jpg
e:\acu72\Data\california.jpg
e:\acu72\Data\colorado.jpg
e:\acu72\Data\connecticut.jpg
e:\acu72\Data\delaware.jpg
e:\acu72\Data\districtofcolumbia.jpg
e:\acu72\Data\florida.jpg
e:\acu72\Data\georgia.jpg
e:\acu72\Data\hawaii.jpg
e:\acu72\Data\idaho.jpg
e:\acu72\Data\illinois.jpg
e:\acu72\Data\indiana.jpg
e:\acu72\Data\iowa.jpg
e:\acu72\Data\kansas.jpg
e:\acu72\Data\kentucky.jpg
e:\acu72\Data\louisiana.jpg
e:\acu72\Data\maine.jpg
e:\acu72\Data\maryland.jpg
e:\acu72\Data\massachusetts.jpg
e:\acu72\Data\michigan.jpg
e:\acu72\Data\minnesota.jpg
e:\acu72\Data\mississippi.jpg
e:\acu72\Data\missouri.jpg
e:\acu72\Data\montana.jpg
e:\acu72\Data\nebraska.jpg
e:\acu72\Data\nevada.jpg
e:\acu72\Data\newhampshire.jpg
e:\acu72\Data\newjersey.jpg
e:\acu72\Data\newmexico.jpg
e:\acu72\Data\newyork.jpg
e:\acu72\Data\northcarolina.jpg
e:\acu72\Data\northdakota.jpg
e:\acu72\Data\ohio.jpg
e:\acu72\Data\oklahoma.jpg
e:\acu72\Data\oregon.jpg
e:\acu72\Data\pennsylvania.jpg
e:\acu72\Data\Report1.html
e:\acu72\Data\Report1a.html
e:\acu72\Data\Report1b.html
e:\acu72\Data\Report1c.html
e:\acu72\Data\Report1d.html
e:\acu72\Data\Report1e.html
e:\acu72\Data\Report1f.html
e:\acu72\Data\Report1g.html
e:\acu72\Data\Report1h.html
e:\acu72\Data\Report1i.html
e:\acu72\Data\Report2a.TXT
e:\acu72\Data\Report2b.TXT
e:\acu72\Data\Report2c.TXT
e:\acu72\Data\Report2d.TXT
e:\acu72\Data\Report2e.TXT
e:\acu72\Data\rhodeisland.jpg
e:\acu72\Data\sales.dat
e:\acu72\Data\sales.vix
e:\acu72\Data\southcarolina.jpg
e:\acu72\Data\southdakota.jpg
e:\acu72\Data\tennessee.jpg
e:\acu72\Data\texas.jpg
e:\acu72\Data\Thumbs.db
e:\acu72\Data\utah.jpg
e:\acu72\Data\vermont.jpg
e:\acu72\Data\virginia.jpg
e:\acu72\Data\washington.jpg
e:\acu72\Data\westvirginia.jpg
e:\acu72\Data\wisconsin.jpg
e:\acu72\Data\wyoming.jpg
e:\acu72\FD\sales.xfd
e:\acu72\FD\Salesdata.dat
e:\acu72\FD\Salesdata.dlt
e:\acu72\FD\SalesData.fd
e:\acu72\FD\SalesData.sl
e:\acu72\FD\Salesdata.vix
e:\acu72\Object\AcuBenchPrint.Dll
e:\acu72\Object\Report1a.acu
e:\acu72\Object\Report1b.acu
e:\acu72\Object\Report1c.acu
e:\acu72\Object\Report1d.acu
e:\acu72\Object\Report1e.acu
e:\acu72\Object\Report1f.acu
e:\acu72\Object\Report1g.acu
e:\acu72\Object\Report1h.acu
e:\acu72\Object\Report1i.acu
e:\acu72\Object\Report2a.acu
e:\acu72\Object\Report2b.acu
e:\acu72\Object\Report2c.acu
e:\acu72\Object\Report2d.acu
e:\acu72\Object\Report2e.acu
e:\acu72\Report\Report1a.rpt
e:\acu72\Report\Report1b.rpt
e:\acu72\Report\Report1c.rpt
e:\acu72\Report\Report1d.rpt
e:\acu72\Report\Report1e.rpt
e:\acu72\Report\Report1f.rpt
e:\acu72\Report\Report1g.rpt
e:\acu72\Report\Report1h.rpt
e:\acu72\Report\Report1i.rpt
e:\acu72\Report\Report2a.rpt
e:\acu72\Report\Report2b.rpt
e:\acu72\Report\Report2c.rpt
e:\acu72\Report\Report2d.rpt
e:\acu72\Report\Report2e.rpt
e:\acu72\Screen\Report1a.scr
e:\acu72\Screen\Report1b.scr
e:\acu72\Screen\Report1c.scr
e:\acu72\Screen\Report1d.scr
e:\acu72\Screen\Report1e.scr
e:\acu72\Screen\Report1f.scr
e:\acu72\Screen\Report1g.scr
e:\acu72\Screen\Report1h.scr
e:\acu72\Screen\Report1i.scr
e:\acu72\Screen\Report2a.scr
e:\acu72\Screen\Report2b.scr
e:\acu72\Screen\Report2c.scr
e:\acu72\Screen\Report2d.scr
e:\acu72\Screen\Report2e.scr
e:\acu72\Source\Report1a.cbl
e:\acu72\Source\Report1b.cbl
e:\acu72\Source\Report1c.cbl
e:\acu72\Source\Report1d.cbl
e:\acu72\Source\Report1e.cbl
e:\acu72\Source\Report1f.cbl
e:\acu72\Source\Report1g.cbl
e:\acu72\Source\Report1h.cbl
e:\acu72\Source\Report1i.cbl
e:\acu72\Source\Report2a.cbl
e:\acu72\Source\Report2b.cbl
e:\acu72\Source\Report2c.cbl
e:\acu72\Source\Report2d.cbl
e:\acu72\Source\Report2e.cbl
e:\acu72\AcuGT\RELEASE.32
e:\acu72\AcuGT\etc
e:\acu72\AcuGT\etc\cblconfi
e:\acu72\AcuGT\etc\cblhelp
e:\acu72\AcuGT\online.htm
e:\acu72\AcuGT\acutvspc.gif
e:\acu72\activator.exe
e:\acu72\acugt.exe
e:\acu72\acugt.tlb
e:\acu72\AcuToNet.dll
e:\acu72\al.exe
e:\acu72\alink.dll
e:\acu72\alinkui.dll
e:\acu72\framework.il
e:\acu72\frameworkload.il
e:\acu72\ilasm.exe
e:\acu72\mainframe.netmodule
e:\acu72\Marshal.exe
e:\acu72\netcopybook.dll
e:\acu72\NetDefGen.exe
e:\acu72\netdefgen.htm
e:\acu72\regasm.exe
e:\acu72\VarCallback.dll
e:\acu72\wrunnet.dll
e:\acu72\mfc71.dll
e:\acu72\msvcp71.dll
e:\acu72\msvcr71.dll
e:\acu72\aclnt.dll
e:\acu72\acme.dll
e:\acu72\acuping.acu
e:\acu72\acusort.exe
e:\acu72\amcfcs32.dll
e:\acu72\atermmgr.dll
e:\acu72\avision5.dll
e:\acu72\axml32.dll
e:\acu72\cblutl32.exe
e:\acu72\expat.dll
e:\acu72\logutl32.exe
e:\acu72\vio32.exe
e:\acu72\vutil32.exe
e:\acu72\xmlwf.exe
e:\acu72\zlib.dll
e:\acu72\ajpg32.dll
e:\acu72\cvm.jar
e:\acu72\wrun32.dll
e:\acu72\wrun32.exe
e:\acu72\AcuGT\lib
e:\acu72\AcuGT\lib\AcuPgms.lib
e:\acu72\alfred.acu
e:\acu72\alfred.cfg
e:\acu72\acme.lib
e:\acu72\acucobol.ico
e:\acu72\acucobol2.ico
e:\acu72\acudbg.bmp
e:\acu72\acudebug.ico
e:\acu72\acudebug2.ico
e:\acu72\acusetjmp.h
e:\acu72\arrows.bmp
e:\acu72\atermmgr.lib
e:\acu72\avision5.lib
e:\acu72\axml32.lib
e:\acu72\config85.c
e:\acu72\direct.c
e:\acu72\divider.cur
e:\acu72\filetbl.c
e:\acu72\go.cur
e:\acu72\help.cur
e:\acu72\hpcobol.h
e:\acu72\mswinsub.c
e:\acu72\sub.c
e:\acu72\sub.h
e:\acu72\sub85.c
e:\acu72\vers.inc
e:\acu72\wcvt32.lib
e:\acu72\wcvt32d.lib
e:\acu72\wfsi32.lib
e:\acu72\wfsi32d.lib
e:\acu72\wrun32.sln
e:\acu72\wruncbl.rc
e:\acu72\wrundll.def
e:\acu72\wrundll.lib
e:\acu72\wrundll.rc
e:\acu72\wrundll.vcproj
e:\acu72\wrunlib.lib
e:\acu72\wrunlibd.lib
e:\acu72\zlib.lib
e:\acu72\AcuGT\RELEASE.xml
e:\acu72\AcuGT\online.htm
e:\acu72\AcuGT\acutvspc.gif
e:\acu72\AcuGT\bin\axml32.dll
e:\acu72\AcuGT\RELEASE.32
e:\acu72\AcuGT\etc\cblconfi
e:\acu72\AcuGT\etc\cblhelp
e:\acu72\AcuGT\online.htm
e:\acu72\AcuGT\acutvspc.gif
e:\acu72\activator.exe
e:\acu72\acugt.exe
e:\acu72\acugt.tlb
e:\acu72\mfc71.dll
e:\acu72\msvcp71.dll
e:\acu72\msvcr71.dll
e:\acu72\aclnt.dll
e:\acu72\acme.dll
e:\acu72\acuping.acu
e:\acu72\acusort.exe
e:\acu72\amcfcs32.dll
e:\acu72\atermmgr.dll
e:\acu72\avision5.dll
e:\acu72\axml32.dll
e:\acu72\cblutl32.exe
e:\acu72\expat.dll
e:\acu72\logutl32.exe
e:\acu72\vio32.exe
e:\acu72\vutil32.exe
e:\acu72\xmlwf.exe
e:\acu72\zlib.dll
e:\acu72\AcuGT\lib\AcuPgms.lib
e:\acu72\alfred.acu
e:\acu72\alfred.cfg
e:\acu72\aclnt.dll
e:\acu72\acme.dll
e:\acu72\acugtax.ocx
e:\acu72\ajpg32.dll
e:\acu72\atermmgr.dll
e:\acu72\avision5.dll
e:\acu72\cvm.jar
e:\acu72\wrun32.dll
e:\acu72\wrun32.exe
e:\acu72\zlib.dll
e:\acu72\acme.lib
e:\acu72\acucobol.ico
e:\acu72\acucobol2.ico
e:\acu72\acudbg.bmp
e:\acu72\acudebug.ico
e:\acu72\acudebug2.ico
e:\acu72\acusetjmp.h
e:\acu72\arrows.bmp
e:\acu72\atermmgr.lib
e:\acu72\avision5.lib
e:\acu72\axml32.lib
e:\acu72\config85.c
e:\acu72\direct.c
e:\acu72\divider.cur
e:\acu72\filetbl.c
e:\acu72\go.cur
e:\acu72\help.cur
e:\acu72\hpcobol.h
e:\acu72\mswinsub.c
e:\acu72\sub.c
e:\acu72\sub.h
e:\acu72\sub85.c
e:\acu72\vers.inc
e:\acu72\wcvt32.lib
e:\acu72\wcvt32d.lib
e:\acu72\wfsi32.lib
e:\acu72\wfsi32d.lib
e:\acu72\wrun32.sln
e:\acu72\wruncbl.rc
e:\acu72\wrundll.def
e:\acu72\wrundll.lib
e:\acu72\wrundll.rc
e:\acu72\wrundll.vcproj
e:\acu72\wrunlib.lib
e:\acu72\wrunlibd.lib
e:\acu72\zlib.lib
e:\acu72\AcuGT\RELEASE.32
e:\acu72\AcuGT\etc\cblconfi
e:\acu72\AcuGT\etc\cblhelp
e:\acu72\AcuGT\online.htm
e:\acu72\AcuGT\acutvspc.gif
e:\acu72\activator.exe
e:\acu72\aclnt.dll
e:\acu72\acme.dll
e:\acu72\acuthinax.ocx
e:\acu72\atermmgr.dll
e:\acu72\ajpg32.dll
e:\acu72\zlib.dll
e:\acu72\acugt.exe
e:\acu72\acugt.tlb
e:\acu72\mfc71.dll
e:\acu72\msvcp71.dll
e:\acu72\msvcr71.dll
e:\acu72\aclnt.dll
e:\acu72\acme.dll
e:\acu72\acuping.acu
e:\acu72\acusort.exe
e:\acu72\amcfcs32.dll
e:\acu72\atermmgr.dll
e:\acu72\avision5.dll
e:\acu72\axml32.dll
e:\acu72\cblutl32.exe
e:\acu72\expat.dll
e:\acu72\logutl32.exe
e:\acu72\vio32.exe
e:\acu72\vutil32.exe
e:\acu72\xmlwf.exe
e:\acu72\zlib.dll
e:\acu72\AcuGT\lib\AcuPgms.lib
e:\acu72\alfred.acu
e:\acu72\alfred.cfg
e:\acu72\acme.lib
e:\acu72\acucobol.ico
e:\acu72\acucobol2.ico
e:\acu72\acudbg.bmp
e:\acu72\acudebug.ico
e:\acu72\acudebug2.ico
e:\acu72\acusetjmp.h
e:\acu72\arrows.bmp
e:\acu72\atermmgr.lib
e:\acu72\avision5.lib
e:\acu72\axml32.lib
e:\acu72\config85.c
e:\acu72\direct.c
e:\acu72\divider.cur
e:\acu72\filetbl.c
e:\acu72\go.cur
e:\acu72\help.cur
e:\acu72\hpcobol.h
e:\acu72\mswinsub.c
e:\acu72\sub.c
e:\acu72\sub.h
e:\acu72\sub85.c
e:\acu72\vers.inc
e:\acu72\wcvt32.lib
e:\acu72\wcvt32d.lib
e:\acu72\wfsi32.lib
e:\acu72\wfsi32d.lib
e:\acu72\wrun32.sln
e:\acu72\wruncbl.rc
e:\acu72\wrundll.def
e:\acu72\wrundll.lib
e:\acu72\wrundll.rc
e:\acu72\wrundll.vcproj
e:\acu72\wrunlib.lib
e:\acu72\wrunlibd.lib
e:\acu72\zlib.lib
e:\acu72\aclnt.dll
e:\acu72\acme.dll
e:\acu72\acuthin.dll
e:\acu72\acuthin.exe
e:\acu72\ajpg32.dll
e:\acu72\atermmgr.dll
e:\acu72\mfc71.dll
e:\acu72\msvcp71.dll
e:\acu72\msvcr71.dll
e:\acu72\zlib.dll
e:\acu72\activator.exe
e:\acu72\AcuGT\sample\activex\FD
e:\acu72\Docs
C:\Documents and Settings\Edilson.EDILSON\Menu Iniciar\Programs\Acucorp 7.2.0\extend7 Documentation Set.lnk
C:\Documents and Settings\Edilson.EDILSON\Menu Iniciar\Programs\Acucorp 7.2.0\License Activator.lnk
C:\Documents and Settings\Edilson.EDILSON\Menu Iniciar\Programs\Acucorp 7.2.0\Release Overview.lnk
C:\Documents and Settings\Edilson.EDILSON\Menu Iniciar\Programs\Acucorp 7.2.0\Getting Started.lnk
C:\Documents and Settings\Edilson.EDILSON\Menu Iniciar\Programs\.\Acucorp 7.2.0\ACUCOBOL-GT\Go Online!.lnk
C:\Documents and Settings\Edilson.EDILSON\Menu Iniciar\Programs\.\Acucorp 7.2.0\ACUCOBOL-GT\Release Notes.lnk
C:\Documents and Settings\Edilson.EDILSON\Menu Iniciar\Programs\.\Acucorp 7.2.0\ACUCOBOL-GT\AcuXML Release Notes.lnk
C:\Documents and Settings\Edilson.EDILSON\Menu Iniciar\Programs\.\Acucorp 7.2.0\ACUCOBOL-GT\Alfred indexed file editor.lnk
C:\Documents and Settings\Edilson.EDILSON\Menu Iniciar\Programs\.\Acucorp 7.2.0\ACUCOBOL-GT\AcuPing.lnk
C:\Documents and Settings\Edilson.EDILSON\Menu Iniciar\Programs\.\Acucorp 7.2.0\ACUCOBOL-GT\.NET User Controls\Register Type Library.lnk
C:\Documents and Settings\Edilson.EDILSON\Menu Iniciar\Programs\.\Acucorp 7.2.0\ACUCOBOL-GT\Sample Programs\Tree View Control Demo.lnk
C:\Documents and Settings\Edilson.EDILSON\Menu Iniciar\Programs\.\Acucorp 7.2.0\ACUCOBOL-GT\.NET User Controls\Composite Project Read Me.lnk
C:\Documents and Settings\Edilson.EDILSON\Menu Iniciar\Programs\.\Acucorp 7.2.0\ACUCOBOL-GT\.NET User Controls\Composite Project.lnk
C:\Documents and Settings\Edilson.EDILSON\Menu Iniciar\Programs\.\Acucorp 7.2.0\ACUCOBOL-GT\.NET User Controls\Event Data Read Me.lnk
C:\Documents and Settings\Edilson.EDILSON\Menu Iniciar\Programs\.\Acucorp 7.2.0\ACUCOBOL-GT\.NET User Controls\Event Data Project.lnk
C:\Documents and Settings\Edilson.EDILSON\Menu Iniciar\Programs\.\Acucorp 7.2.0\ACUCOBOL-GT\Automation Server\Read Me.lnk
C:\Documents and Settings\Edilson.EDILSON\Menu Iniciar\Programs\.\Acucorp 7.2.0\ACUCOBOL-GT\Automation Server\Project 1.lnk
C:\Documents and Settings\Edilson.EDILSON\Menu Iniciar\Programs\.\Acucorp 7.2.0\ACUCOBOL-GT\Automation Server\Project 2.lnk
C:\Documents and Settings\Edilson.EDILSON\Menu Iniciar\Programs\.\Acucorp 7.2.0\ACUCOBOL-GT\Automation Server\Project 3.lnk
C:\Documents and Settings\Edilson.EDILSON\Menu Iniciar\Programs\.\Acucorp 7.2.0\ACUCOBOL-GT\Sample Programs\Run Sample.lnk
C:\Documents and Settings\Edilson.EDILSON\Menu Iniciar\Programs\.\Acucorp 7.2.0\ACUCOBOL-GT\Sample Programs\Debug Sample.lnk
C:\Documents and Settings\Edilson.EDILSON\Menu Iniciar\Programs\.\Acucorp 7.2.0\ACUCOBOL-GT\Sample Programs\Calculator.lnk
C:\Documents and Settings\Edilson.EDILSON\Menu Iniciar\Programs\.\Acucorp 7.2.0\ACUCOBOL-GT\Sample Programs\Label Demo.lnk
C:\Documents and Settings\Edilson.EDILSON\Menu Iniciar\Programs\.\Acucorp 7.2.0\ACUCOBOL-GT\Sample Programs\Push Button Demo.lnk
C:\Documents and Settings\Edilson.EDILSON\Menu Iniciar\Programs\.\Acucorp 7.2.0\ACUCOBOL-GT\Sample Programs\Check Box Demo.lnk
C:\Documents and Settings\Edilson.EDILSON\Menu Iniciar\Programs\.\Acucorp 7.2.0\ACUCOBOL-GT\Sample Programs\Radio Button Demo.lnk
C:\Documents and Settings\Edilson.EDILSON\Menu Iniciar\Programs\.\Acucorp 7.2.0\ACUCOBOL-GT\Sample Programs\List Box Demo.lnk
C:\Documents and Settings\Edilson.EDILSON\Menu Iniciar\Programs\.\Acucorp 7.2.0\ACUCOBOL-GT\Sample Programs\Combo Box Demo.lnk
C:\Documents and Settings\Edilson.EDILSON\Menu Iniciar\Programs\.\Acucorp 7.2.0\ACUCOBOL-GT\Sample Programs\Thread Demo.lnk
C:\Documents and Settings\Edilson.EDILSON\Menu Iniciar\Programs\.\Acucorp 7.2.0\ACUCOBOL-GT\Sample Programs\Frame Demo.lnk
C:\Documents and Settings\Edilson.EDILSON\Menu Iniciar\Programs\.\Acucorp 7.2.0\ACUCOBOL-GT\Sample Programs\Toolbar Demo.lnk
C:\Documents and Settings\Edilson.EDILSON\Menu Iniciar\Programs\.\Acucorp 7.2.0\ACUCOBOL-GT\Sample Programs\Spooler Demo.lnk
C:\Documents and Settings\Edilson.EDILSON\Menu Iniciar\Programs\.\Acucorp 7.2.0\ACUCOBOL-GT\Sample Programs\Show Font Demo.lnk
C:\Documents and Settings\Edilson.EDILSON\Menu Iniciar\Programs\.\Acucorp 7.2.0\ACUCOBOL-GT\Sample Programs\Bar Control Demo.lnk
C:\Documents and Settings\Edilson.EDILSON\Menu Iniciar\Programs\.\Acucorp 7.2.0\ACUCOBOL-GT\Sample Programs\Grid Control Demo.lnk
C:\Documents and Settings\Edilson.EDILSON\Menu Iniciar\Programs\.\Acucorp 7.2.0\ACUCOBOL-GT\Sample Programs\Paged List Box Demo.lnk
C:\Documents and Settings\Edilson.EDILSON\Menu Iniciar\Programs\.\Acucorp 7.2.0\ACUCOBOL-GT\Sample Programs\Browser Control Demo.lnk
C:\Documents and Settings\Edilson.EDILSON\Menu Iniciar\Programs\.\Acucorp 7.2.0\ACUCOBOL-GT\Sample Programs\Tab Control Demo.lnk
C:\Documents and Settings\Edilson.EDILSON\Menu Iniciar\Programs\.\Acucorp 7.2.0\ACUCOBOL-GT\Sample Programs\Help Demo.lnk
C:\Documents and Settings\Edilson.EDILSON\Menu Iniciar\Programs\.\Acucorp 7.2.0\ACUCOBOL-GT\Sample Programs\Spooler Configuring and Controlling Demo.lnk
C:\Documents and Settings\Edilson.EDILSON\Menu Iniciar\Programs\.\Acucorp 7.2.0\ACUCOBOL-GT\Sample Programs\Printing Color Graphics Demo.lnk
C:\Documents and Settings\Edilson.EDILSON\Menu Iniciar\Programs\.\Acucorp 7.2.0\ACUCOBOL-GT\Sample Programs\ActiveX Sample Read Me.lnk
e:\acu72\AcuGT\PlgnData
e:\acu72\AcuGT\PlgnData\READ_ME.txt
e:\acu72\AcuGT\BIN\acuauth.txt
e:\acu72\AcuGT\PlgnData\READ_ME.txt
e:\acu72\AcuGT\BIN\acuauth.txt
